../Core/Src/main.c:70:6:HAL_GPIO_EXTI_Callback	56	static
../Core/Src/main.c:136:6:HAL_TIM_PeriodElapsedCallback	16	static
../Core/Src/main.c:159:5:main	16	static
../Core/Src/main.c:215:6:SystemClock_Config	88	static
../Core/Src/main.c:262:13:MX_ADC1_Init	24	static
../Core/Src/main.c:330:13:MX_TIM2_Init	32	static
../Core/Src/main.c:375:13:MX_USART1_UART_Init	8	static
../Core/Src/main.c:408:13:MX_USART2_UART_Init	8	static
../Core/Src/main.c:441:13:MX_GPIO_Init	48	static
../Core/Src/main.c:495:6:Error_Handler	4	static,ignoring_inline_asm
