../Core/Src/main.c:79:6:HAL_GPIO_EXTI_Callback	16	static
../Core/Src/main.c:146:6:HAL_TIM_PeriodElapsedCallback	16	static
../Core/Src/main.c:165:6:HAL_UART_RxCpltCallback	16	static
../Core/Src/main.c:245:7:tempRead	24	static
../Core/Src/main.c:277:5:main	96	static
../Core/Src/main.c:456:6:SystemClock_Config	88	static
../Core/Src/main.c:503:13:MX_ADC1_Init	24	static
../Core/Src/main.c:571:13:MX_I2C1_Init	8	static
../Core/Src/main.c:605:13:MX_TIM1_Init	32	static
../Core/Src/main.c:651:13:MX_TIM2_Init	32	static
../Core/Src/main.c:696:13:MX_USART1_UART_Init	8	static
../Core/Src/main.c:729:13:MX_USART2_UART_Init	8	static
../Core/Src/main.c:762:13:MX_GPIO_Init	48	static
../Core/Src/main.c:822:6:Error_Handler	4	static,ignoring_inline_asm
